// Jest Snapshot v1, https://goo.gl/fbAQLP

exports[`AddSet.vue AddSet renders 1`] = `
<v-form-stub>
  <v-flex-stub tag="div">
    <v-text-field-stub placeholder="Repetitions" type="number"></v-text-field-stub>
  </v-flex-stub>
  <v-flex-stub tag="div">
    <v-text-field-stub placeholder="Weight" type="number"></v-text-field-stub>
  </v-flex-stub>
  <v-flex-stub tag="div" xs12="">
    <v-radio-group-stub column="true" height="auto" mandatory="true" row="true" value="LB">
      <v-radio-stub color="primary" label="LB" onicon="$vuetify.icons.radioOn" officon="$vuetify.icons.radioOff" value="LB"></v-radio-stub>
      <v-radio-stub color="primary" label="KG" onicon="$vuetify.icons.radioOn" officon="$vuetify.icons.radioOff" value="KG"></v-radio-stub>
    </v-radio-group-stub>
  </v-flex-stub>
  <v-flex-stub tag="div" xs12="">
    <v-checkbox-stub indeterminateicon="$vuetify.icons.checkboxIndeterminate" onicon="$vuetify.icons.checkboxOn" officon="$vuetify.icons.checkboxOff" label="Using bodyweight"></v-checkbox-stub>
  </v-flex-stub>
  <v-flex-stub tag="div" xs12="" text-xs-right="">
    <v-btn-stub activeclass="v-btn--active" depressed="true" tag="button" type="button" color="secondary">Add</v-btn-stub>
  </v-flex-stub>
</v-form-stub>
`;
