// Jest Snapshot v1, https://goo.gl/fbAQLP

exports[`ExerciseActions ExerciseActions renders 1`] = `
<v-flex-stub tag="div" xs12="">
  <v-form-stub class="ma-4">
    <v-autocomplete-stub allowoverflow="true" browserautocomplete="off" filter="function _default(item, queryText, itemText) {
                var hasValue = function hasValue(val) {
                    return val != null ? val : '';
                };
                var text = hasValue(itemText);
                var query = hasValue(queryText);
                return text.toString().toLowerCase().indexOf(query.toString().toLowerCase()) > -1;
            }" menuprops="[object Object]" items="" placeholder="Select exercises ..." browser-autcomplete="" clearable="" chips="" deletable-chips="" hint="" multiple="" small-chips=""></v-autocomplete-stub>
    <v-btn-stub activeclass="v-btn--active" tag="button" type="button" disabled="true">
      Add Exercises
    </v-btn-stub>
    <addcustomexercise-stub workout="[object Object]"></addcustomexercise-stub>
  </v-form-stub>
</v-flex-stub>
`;
