// Jest Snapshot v1, https://goo.gl/fbAQLP

exports[`AddSet.vue AddSet renders 1`] = `
<vform-stub>
  <vtextfield-stub placeholder="Repetitions" type="number"></vtextfield-stub>
  <vtextfield-stub placeholder="Weight" type="number"></vtextfield-stub>
  <vradiogroup-stub column="true" height="auto" mandatory="true" row="true" value="LB">
    <vradio-stub color="primary" label="LB" onicon="$vuetify.icons.radioOn" officon="$vuetify.icons.radioOff" value="LB"></vradio-stub>
    <vradio-stub color="primary" label="KG" onicon="$vuetify.icons.radioOn" officon="$vuetify.icons.radioOff" value="KG"></vradio-stub>
  </vradiogroup-stub>
  <vbtn-stub activeclass="v-btn--active" depressed="true" ripple="true" tag="button" type="button" color="secondary">Add Set</vbtn-stub>
</vform-stub>
`;
