// Jest Snapshot v1, https://goo.gl/fbAQLP

exports[`App.vue Renders 1`] = `
<vapp-stub id="app">
  <vlayout-stub tag="div" justify-center="" align-center="" fill-height="">
    <vflex-stub tag="div" text-xs-center="">
      <vprogresscircular-stub indeterminate="true" rotate="0" size="64" width="4" value="0" color="primary"></vprogresscircular-stub>
      <vflex-stub tag="div" mt-2="">Firing up ... 💪</vflex-stub>
      <!---->
    </vflex-stub>
  </vlayout-stub>
</vapp-stub>
`;
