// Jest Snapshot v1, https://goo.gl/fbAQLP

exports[`App.vue App renders 1`] = `
<v-app id="fittrak">
  <v-navigation-drawer fixed="" app="" dark="">
    <sidebarnavigationitems-stub></sidebarnavigationitems-stub>
  </v-navigation-drawer>
  <v-toolbar color="primary" dark="" fixed="" app="">
    <v-toolbar-side-icon></v-toolbar-side-icon>
    <v-toolbar-title class="logo">FitTrak</v-toolbar-title>
    <v-spacer></v-spacer>
    <v-toolbar-items>
      <p class="viewer">Heya, <strong>Stranger</strong></p>
    </v-toolbar-items>
  </v-toolbar>
  <v-content>
    <router-view></router-view>
  </v-content>
</v-app>
`;
