// Jest Snapshot v1, https://goo.gl/fbAQLP

exports[`History History page renders 1`] = `
<vcontainer-stub tag="div">
  <vlayout-stub tag="div" row="" wrap="">
    <vflex-stub tag="div" xs12="">
      <workouthistorytoolbar-stub></workouthistorytoolbar-stub>
      <workoutlist-stub></workoutlist-stub>
    </vflex-stub>
  </vlayout-stub>
</vcontainer-stub>
`;
