// Jest Snapshot v1, https://goo.gl/fbAQLP

exports[`SetItem.vue SetItem renders 1`] = `
<li>
  <p>ID: 1</p>
  <div>
    <p>Weight: 1 </p>
    <p>Repetitions: </p>
  </div>
  <hr>
  <div class="field is-grouped">
    <p class="control">
      <removeset-stub set="[object Object]"></removeset-stub>
    </p>
    <p class="control">
      <button class="button">Edit</button>
    </p>
  </div>
</li>
`;
