// Jest Snapshot v1, https://goo.gl/fbAQLP

exports[`Settings Settings page renders 1`] = `
<v-container-stub tag="div">
  <v-layout-stub tag="div" row="" wrap="">
    <v-flex-stub tag="div" xs12="">
      <h2 class="display-1">Settings</h2>
      <v-divider-stub></v-divider-stub>
      <p>Nothing to see here.</p>
    </v-flex-stub>
  </v-layout-stub>
</v-container-stub>
`;
